<?xml version="1.0" encoding="utf-8"?>
<Simple1>XSL</Simple1><Simple2>John Smith</Simple2>1.7.5
<?xml version="1.0" encoding="utf-8"?>
<HEADING1>XSL</HEADING1><HEADING2>John Smith</HEADING2>
<?xml version="1.0" encoding="utf-8"?>
<Simple1>XSL</Simple1><Simple2>John Smith</Simple2>1.7.5
